[01:57:14] [info] Engine: Loading Application
[01:57:14] [info] Engine: Creating window EbonyEditor (1800, 1000)
[01:57:14] [info] Engine: OpenGL Info:
[01:57:14] [info] Engine:   Vendor: AMD
[01:57:14] [info] Engine:   Renderer: AMD Radeon RX 570 Series (radeonsi, polaris10, ACO, DRM 3.63, 6.15.9-arch1-1)
[01:57:14] [info] Engine:   Version: 4.6 (Compatibility Profile) Mesa 25.1.7-arch1.1
[01:57:15] [error] Engine: Assimp Error: Unable to open file "Resources/cube.fbx".
[01:57:15] [warning] Engine: Cubemap texture failed to load at path: Resources/skybox/right.jpg
[01:57:15] [warning] Engine: Cubemap texture failed to load at path: Resources/skybox/left.jpg
[01:57:15] [warning] Engine: Cubemap texture failed to load at path: Resources/skybox/top.jpg
[01:57:15] [warning] Engine: Cubemap texture failed to load at path: Resources/skybox/bottom.jpg
[01:57:15] [warning] Engine: Cubemap texture failed to load at path: Resources/skybox/front.jpg
[01:57:15] [warning] Engine: Cubemap texture failed to load at path: Resources/skybox/back.jpg
[01:57:15] [warning] Engine: Could not load Resources/Icons/ContentBrowser/DirectoryIcon.png
[01:57:15] [warning] Engine: Could not load Resources/Icons/ContentBrowser/FileIcon.png
[01:57:15] [warning] Engine: Could not load Resources/Icons/PlayButton.png
[01:57:15] [warning] Engine: Could not load Resources/Icons/StopButton.png
[01:57:15] [error] Engine: Assimp Error: Unable to open file "Resources/sphere.fbx".
[01:57:15] [error] Engine: Assimp Error: Unable to open file "Resources/cube.fbx".
[01:57:15] [error] Engine: Assimp Error: Unable to open file "Resources/Animations/Idle.fbx".
[01:57:15] [error] Engine: Failed to load Resources/Animations/Idle.fbx
